<?xml version="1.0" encoding="utf-8"?><testsuites name="pytest tests"><testsuite name="pytest" errors="0" failures="0" skipped="0" tests="0" time="0.085" timestamp="2026-04-02T01:01:44.749721-05:00" hostname="nova18-69" /></testsuites>